error 1 
error 2